
> path-urenregistratie@0.9.83 check
> node --check assets/app.js && node scripts/smoke-test.mjs && npm run test:design && npm run test:bdd:design && npm run test:db:config && npm run test:ops

Path v0.9.82 volledige smoke test: geslaagd

> path-urenregistratie@0.9.83 test:design
> node scripts/test-design-audit.mjs

{
  "ok": true,
  "feature_files": 24,
  "executable_cases": 222,
  "mapped_feature_cases": 222,
  "happy_cases": 128,
  "negative_cases": 94,
  "techniques": {
    "Beslissingstabel rollen en autorisatie": 67,
    "Negatieve equivalentieklasse + error guessing": 48,
    "Toestandsovergang": 29,
    "API-contract + equivalentieklasse": 28,
    "Equivalentieklassen": 9,
    "Grenswaardenanalyse": 8,
    "End-to-end use-case + visuele contractasserties": 6,
    "Concurrency + toestandsovergang": 5,
    "Responsive viewport + end-to-end use-case": 5,
    "Herstelbaarheid + toestandsovergang": 3,
    "Beslissingstabel + equivalentieklassen + toestandsovergang": 3,
    "Toegankelijkheidsinspectie + toetsenbord-use-case": 2,
    "Regressie-preventie + toestandsovergang": 2,
    "Regressie-preventie + inhoudsconsistentie": 2,
    "Regressie-preventie + navigatielogica": 1,
    "CRUD-keten, toestandsovergang en data-integriteit": 1,
    "Regressie-preventie + fallback-rendering": 1,
    "Equivalentieklassen + toestandsovergang": 1,
    "Toestandsovergang + foutinjectie + beslissingstabel": 1
  }
}

> path-urenregistratie@0.9.83 test:bdd:design
> npm run bdd:generate && node scripts/bdd-design-audit.mjs


> path-urenregistratie@0.9.83 bdd:generate
> bddgen -c playwright.bdd.config.ts

{
  "ok": true,
  "executable_bdd_cases": 1,
  "native_cases_preserved": 168,
  "migrated_with_parity": [
    {
      "id": "BDD-AUTH-H-001",
      "parityId": "AUTH-H-009"
    }
  ]
}

> path-urenregistratie@0.9.83 test:db:config
> node scripts/db-env-precedence-check.mjs

DB-configprecedence groen: expliciete CI-variabelen winnen van stage-defaults.

> path-urenregistratie@0.9.83 test:ops
> php server/scripts/production-preflight.php --config=server/config.example.php && php server/scripts/test-preflight.php --config=server/config.test.example.php && php server/scripts/mail-preflight.php --config=server/config.example.php && php server/scripts/mail-environment-policy-check.php && php server/scripts/mail-acceptance-policy-check.php && php server/scripts/test-reset-policy-check.php && php server/scripts/database-backup.php --config=server/config.example.php && php server/scripts/database-restore.php --config=server/config.example.php --file=database/schema.sql && php server/scripts/rotate-logs.php --config=server/config.example.php && php server/scripts/configure-production.php && php server/scripts/configure-test.php && php server/scripts/configure-test-mail-sandbox.php && php server/scripts/provision-company.php --config=server/config.example.php && php server/scripts/provision-account.php --config=server/config.example.php && node scripts/deployment-contract-check.mjs

{
    "ok": true,
    "mode": "static",
    "writes_performed": false,
    "checks": {
        "environment_production": true,
        "production_origin_exact": true,
        "demo_migrations_disabled": true,
        "https_required": true,
        "cors_origin_exact": true,
        "csp_configured": true,
        "hsts_prepared_but_disabled": true,
        "private_storage_outside_webroot": true,
        "backups_outside_webroot": true,
        "logs_outside_webroot": true,
        "server_logging_enabled": true,
        "display_errors_disabled": true,
        "log_retention_configured": true,
        "smtp_relay_contract_valid": true,
        "smtp_real_delivery_disabled": true,
        "required_operational_files_present": true
    },
    "mail_relay_errors": [],
    "live": null
}
{
    "ok": true,
    "mode": "static",
    "writes_performed": false,
    "checks": {
        "environment_test": true,
        "test_origin_exact": true,
        "demo_migrations_enabled": true,
        "dedicated_session_cookie": true,
        "https_required": true,
        "cors_origin_exact": true,
        "csp_configured": true,
        "private_storage_outside_webroot": true,
        "backups_outside_webroot": true,
        "logs_outside_webroot": true,
        "server_logging_enabled": true,
        "display_errors_disabled": true,
        "smtp_relay_contract_valid": true,
        "mail_fail_closed_or_exactly_guarded": true,
        "required_operational_files_present": true
    },
    "mail_relay_errors": [],
    "live": null
}
{
    "ok": true,
    "mode": "offline_preflight",
    "network_connections": 0,
    "database_writes": 0,
    "smtp_delivery_enabled": false,
    "relay_errors": [],
    "scenario": {
        "employee_name": "Stasjo van Bakel",
        "period": "juli 2026",
        "hours": "144,00",
        "invoice_number": "PATH-2026-007",
        "subtotal": "11.520,00",
        "vat": "2.419,20",
        "total": "13.939,20",
        "company": "Path Consultancy ÔÇö handelsnaam van QSI Consultancy B.V."
    },
    "messages": [
        {
            "channel": "broker",
            "to": "rana.ramjanam@pathconsultancy.nl",
            "subject": "Factuur PATH-2026-007 ÔÇô juli 2026",
            "attachment_policy": "invoice",
            "attachment_count": 1,
            "body": "Geachte relatie,\n\nBijgevoegd ontvangt u factuur PATH-2026-007 voor de periode juli 2026.\n\nMedewerker: Stasjo van Bakel\nUren: 144,00\nSubtotaal: Ôé¼ 11.520,00\nBtw: Ôé¼ 2.419,20\nTotaal: Ôé¼ 13.939,20\n\nMet vriendelijke groet,\nPath Consultancy ÔÇö handelsnaam van QSI Consultancy B.V."
        },
        {
            "channel": "accountant",
            "to": "giovanno.maatsen@pathconsultancy.nl",
            "subject": "Factuuradministratie PATH-2026-007 ÔÇô juli 2026",
            "attachment_policy": "invoice",
            "attachment_count": 1,
            "body": "Ter informatie: factuur PATH-2026-007 voor de periode juli 2026 is definitief gemaakt.\nMedewerker: Stasjo van Bakel\nSubtotaal: Ôé¼ 11.520,00\nBtw: Ôé¼ 2.419,20\nTotaal: Ôé¼ 13.939,20"
        },
        {
            "channel": "payroll",
            "to": "gambitizanagi@gmail.com",
            "subject": "Ureninformatie Stasjo van Bakel ÔÇô juli 2026",
            "attachment_policy": "none",
            "attachment_count": 0,
            "body": "Salarisverwerking:\nMedewerker: Stasjo van Bakel\nPeriode: juli 2026\nGoedgekeurde uren: 144,00"
        }
    ],
    "checks": {
        "broker_mime_attachment_count": true,
        "accountant_mime_attachment_count": true,
        "payroll_mime_attachment_count": true,
        "relay_config_valid": true,
        "real_delivery_disabled": true,
        "no_smtp_credentials": true,
        "from_address_exact": true,
        "broker_recipient_exact": true,
        "accountant_recipient_exact": true,
        "payroll_recipient_exact": true,
        "broker_one_attachment": true,
        "accountant_one_attachment": true,
        "payroll_zero_attachments": true,
        "payroll_contains_only_required_data": true,
        "subjects_are_utf8": true
    }
}
{
    "ok": true,
    "writes_performed": false,
    "network_connections": 0,
    "checks": {
        "production_enabled_without_allowlist": true,
        "test_without_guard_is_blocked": true,
        "test_without_guard_has_config_error": true,
        "guarded_test_is_enabled": true,
        "guarded_test_config_is_valid": true,
        "allowlisted_recipient_is_allowed": true,
        "other_recipient_is_blocked": true,
        "cc_outside_allowlist_is_blocked": true,
        "development_remains_blocked": true,
        "development_enabled_has_config_error": true,
        "guarded_test_reset_uses_real_delivery": true,
        "closed_test_reset_returns_local_token": true
    }
}
{
    "ok": true,
    "writes_performed": false,
    "network_connections": 0,
    "checks": {
        "production_console_unavailable": true,
        "test_console_available": true,
        "test_runtime_override_available": true,
        "local_preview_requires_local_host_and_dry_run": true,
        "exactly_five_scenarios": true,
        "no_bulk_scenario": true,
        "fixed_business_recipient": true,
        "fixed_invitation_recipient": true,
        "attachment_counts_exact": true,
        "attachment_preview_names_exact": true,
        "pdfs_valid_and_marked": true,
        "acceptance_failure_is_single_shot": true,
        "normal_delivery_keeps_bounded_retry": true,
        "smtp_failure_keeps_safe_response_detail": true,
        "ordinary_test_mail_redirects_to_sink": true,
        "ordinary_password_reset_redirects_to_sink": true,
        "staff_invitation_uses_fixed_recipient": true,
        "acceptance_invitation_keeps_fixed_recipient": true,
        "production_invitation_keeps_account_recipient": true,
        "production_never_redirects": true,
        "user_action_dispatch_only_in_guarded_test": true,
        "test_security_scenarios_repeatable": true
    }
}
{
    "ok": true,
    "writes_performed": false,
    "checks": {
        "exact_test_host_allowed": true,
        "production_blocked": true,
        "spoofed_test_host_on_production_blocked": true,
        "wrong_host_on_test_blocked": true,
        "non_test_local_database_blocked": true,
        "missing_demo_permission_blocked": true,
        "baseline_contains_demo_seed": true,
        "acceptance_accounts_restored": true,
        "twelve_action_baseline_contract": true,
        "private_seed_documents_restored": true,
        "reset_audit_avoids_stale_actor_fk": true,
        "foreign_keys_restored": true
    }
}
{
    "ok": true,
    "mode": "check",
    "database_configured": true,
    "backup_outside_webroot": true,
    "writes_performed": false,
    "message": "Use --execute to create a new read-only database export."
}
{
    "ok": true,
    "mode": "check",
    "file": "C:\\Users\\gchli\\Documents\\path site\\Path_Urenregistratie_Veilige_Demo_Path_App\\path-urenregistratie\\database\\schema.sql",
    "bytes": 20634,
    "checksum_valid": null,
    "database_modified": false,
    "message": "Restore requires --execute and --confirm=RESTORE_path_urenregistratie."
}
{
    "ok": true,
    "mode": "check",
    "log_outside_webroot": true,
    "log_exists": true,
    "rotation_needed": false,
    "retention_days": 30,
    "writes_performed": false
}
{
    "ok": true,
    "mode": "check",
    "writes_performed": false,
    "password_in_arguments_supported": false,
    "config_path": "C:\\Users\\gchli\\Documents\\path site\\Path_Urenregistratie_Veilige_Demo_Path_App\\path-urenregistratie\\server/config.local.php",
    "default_private_root": "C:\\Users\\gchli\\Documents\\path site/private/path-urenregistratie",
    "message": "Use --execute --confirm=CONFIGURE_PRODUCTION --host=... --database=... --user=... from an interactive production terminal."
}
{
    "ok": true,
    "mode": "check",
    "writes_performed": false,
    "password_in_arguments_supported": false,
    "expected_origin": "https://uren-test.pathconsultancy.nl",
    "message": "Use --execute --confirm=CONFIGURE_TEST --host=... --database=... --user=... --private-root=... from an interactive TransIP terminal."
}
{
    "ok": true,
    "mode": "check",
    "writes_performed": false,
    "config_path": "/data/sites/web/pathconsultancynl/private/path-uren-test/config.local.php",
    "allowed_recipients": [
        "giovanno.maatsen@pathconsultancy.nl"
    ],
    "test_accounts": [
        "giovanno.maatsen@pathconsultancy.nl",
        "kenrich.lieveld@pathconsultancy.nl"
    ],
    "message": "Use --execute --confirm=ENABLE_TEST_MAIL_SANDBOX on TransIP to open only the guarded TEST mail sandbox."
}
{
    "ok": true,
    "mode": "check",
    "writes_performed": false,
    "profiles": [
        "path-consultancy",
        "custom"
    ],
    "message": "Use --execute --confirm=PROVISION_COMPANY --profile=path-consultancy after database migration and backup."
}
{
    "ok": true,
    "mode": "check",
    "writes_performed": false,
    "password_in_arguments_supported": false,
    "message": "Use --execute --email=... --name=... --role=administrator|employee --company-id=1. A personal one-time password setup email is queued by default."
}
Automatische TEST- en PROD-deploy contractcheck: geslaagd
